// Jest Snapshot v1, https://goo.gl/fbAQLP

exports[`ResultSettings Component renders with initial prop values 1`] = `
<DocumentFragment>
  <div
    aria-label="Result settings"
    class="flex items-center gap-2"
    role="group"
  >
    <div>
      <label
        class="mr-2 text-xs sm:text-base dark:text-white"
        for="compact_view"
        id="compact_view_label"
      >
        Compact
      </label>
      <input
        aria-checked="false"
        aria-labelledby="compact_view_label"
        class="h-4 w-4 rounded border border-gray-300 bg-gray-100 focus:ring-2 dark:border-gray-600 dark:bg-gray-700 text-cyan-600 focus:ring-cyan-600 dark:ring-offset-gray-800 dark:focus:ring-cyan-600 mr-4"
        id="compact_view"
        type="checkbox"
      />
    </div>
    <div>
      <label
        class="mr-2 text-xs sm:text-base dark:text-white"
        for="show_furigana"
        id="furigana_label"
      >
        Furigana
      </label>
      <input
        aria-checked="true"
        aria-labelledby="furigana_label"
        checked=""
        class="h-4 w-4 rounded border border-gray-300 bg-gray-100 focus:ring-2 dark:border-gray-600 dark:bg-gray-700 text-cyan-600 focus:ring-cyan-600 dark:ring-offset-gray-800 dark:focus:ring-cyan-600 mr-4"
        id="show_furigana"
        type="checkbox"
      />
    </div>
    <label
      class="mr-2 text-xs text-gray-900 dark:text-jesdark-200"
      for="per_page_value_selector"
      id="per_page_label"
    >
      Show results per page
    </label>
    <select
      aria-labelledby="per_page_label"
      class="
          bg-gray-50 border border-gray-300 text-gray-900 text-sm rounded-lg
          focus:ring-blue-500 focus:border-blue-500 p-2 dark:bg-gray-700
          dark:border-gray-600 dark:placeholder-gray-400 dark:text-white
          dark:focus:ring-jesdark-500 dark:focus:border-jesdark-500
        "
      data-testid="per_page_value_selector"
      id="per_page_value_selector"
    >
      <option
        value="5"
      >
        5
      </option>
      <option
        selected=""
        value="10"
      >
        10
      </option>
      <option
        value="25"
      >
        25
      </option>
      <option
        value="50"
      >
        50
      </option>
    </select>
  </div>
</DocumentFragment>
`;
